hCoV-19/Vietnam/19-01S/2020
hCoV-19/Vietnam/19-02S/2020
hCoV-19/Vietnam/38142/2020
hCoV-19/Vietnam/39607/2020
hCoV-19/Vietnam/CM295/2020
hCoV-19/Vietnam/CM296/2020
hCoV-19/Vietnam/CM99/2020
hCoV-19/Vietnam/HCMC-05003/2020
hCoV-19/Vietnam/HCMC-05004/2020
hCoV-19/Vietnam/HCMC-05006/2020
hCoV-19/Vietnam/HCMC-05007/2020
hCoV-19/Vietnam/HCMC-05008/2020
hCoV-19/Vietnam/HCMC-05009/2020
hCoV-19/Vietnam/HCMC-2712/2020
hCoV-19/Vietnam/HCMC-2751/2020
hCoV-19/Vietnam/HCMC-3013/2020
hCoV-19/Vietnam/HCMC-3349/2020
hCoV-19/Vietnam/HCMC-35001/2020
hCoV-19/Vietnam/HCMC-35003/2020
hCoV-19/Vietnam/HCMC-35005/2020
hCoV-19/Vietnam/HCMC-35006/2020
hCoV-19/Vietnam/HCMC-35008/2020
hCoV-19/Vietnam/HCMC-35009/2020
hCoV-19/Vietnam/HCMC-35010/2020
hCoV-19/Vietnam/HCMC-35011/2020
hCoV-19/Vietnam/HCMC-35012/2020
hCoV-19/Vietnam/HCMC-35013/2020
hCoV-19/Vietnam/HCMC-35014/2020
hCoV-19/Vietnam/HCMC-35016/2020
hCoV-19/Vietnam/HCMC-35018/2020
hCoV-19/Vietnam/HCMC-35019/2020
hCoV-19/Vietnam/HCMC-35020/2020
hCoV-19/Vietnam/HCMC-35021/2020
hCoV-19/Vietnam/HCMC-35022/2020
hCoV-19/Vietnam/HCMC-35023/2020
hCoV-19/Vietnam/HCMC-35030/2020
hCoV-19/Vietnam/HCMC-35031/2020
hCoV-19/Vietnam/IBT-14Mar/2020
hCoV-19/Vietnam/IBT-NIHE-03/2020
hCoV-19/Vietnam/IBT-NIHE-05/2020
hCoV-19/Vietnam/IBT-NIHE-16/2020
hCoV-19/Vietnam/VNHN_01097/2020
hCoV-19/Vietnam/VNHN_0207/2020
hCoV-19/Vietnam/VNHN_022/2020
hCoV-19/Vietnam/VNHN_026/2020
hCoV-19/Vietnam/VNHN_0299/2020
hCoV-19/Vietnam/VNHN_0300/2020
hCoV-19/Vietnam/VNHN_0418/2020
hCoV-19/Vietnam/VNHN_0419/2020
hCoV-19/Vietnam/VNHN_0554/2020
hCoV-19/Vietnam/VNHN_0762/2020
hCoV-19/Vietnam/VNHN_0764/2020
hCoV-19/Vietnam/VNHN_0837/2020
hCoV-19/Vietnam/VNHN_0847/2020
hCoV-19/Vietnam/VNHN_0897/2020
hCoV-19/Vietnam/VNHN_0899/2020
hCoV-19/Vietnam/VNHN_0985/2020
hCoV-19/Vietnam/VNHN_1072/2020
hCoV-19/Vietnam/VNHN_1098/2020
hCoV-19/Vietnam/VNHN_1099/2020
hCoV-19/Vietnam/VNHN_1166/2020
hCoV-19/Vietnam/VNHN_1167/2020
hCoV-19/Vietnam/VNHN_1226/2020
hCoV-19/Vietnam/VNHN_148/2020
hCoV-19/Vietnam/VNHN_1492/2020
hCoV-19/Vietnam/VNHN_1528/2020
hCoV-19/Vietnam/VNHN_1713/2020
hCoV-19/Vietnam/VNHN_1863/2020
hCoV-19/Vietnam/VNHN_2406/2020
hCoV-19/Vietnam/VNHN_301/2020
hCoV-19/Vietnam/VNHN_302/2020
hCoV-19/Vietnam/VNHN_3085/2020
hCoV-19/Vietnam/VNHN_3096/2020
hCoV-19/Vietnam/VNHN_3629/2020
hCoV-19/Vietnam/VNHN_3913/2020
hCoV-19/Vietnam/VNHN_3916/2020
hCoV-19/Vietnam/VNHN_4189/2020
hCoV-19/Vietnam/VNHN_4806/2020
hCoV-19/Vietnam/VNHN_4851/2020
hCoV-19/Vietnam/VNHN_4864/2020
hCoV-19/Vietnam/VNHN_4868/2020
hCoV-19/Vietnam/VNHN_4875/2020
hCoV-19/Vietnam/VNHN_4958/2020
hCoV-19/Vietnam/VNHN_5152/2020
hCoV-19/Vietnam/VNHN_979/2020
hCoV-19/Vietnam/VR03-38142/2020
