 E.size  | nRF     | RF      | maxRF   | src-br+ | ref-br+ | subtre+ | treekoD
 ======+ | ======+ | ======+ | ======+ | ======+ | ======+ | ======+ | ======+
 86      | 0.96    | 160.00  | 166.00  | 0.52    | 0.52    | 1       | NA     
